2026-04-30 03:47:49,305 - root - INFO - 
======================================================================
2026-04-30 03:47:49,305 - root - INFO - PHASE 1 ONLY | Scenario: default
2026-04-30 03:47:49,305 - root - INFO - ======================================================================

2026-04-30 03:47:49,305 - root - INFO - Using merged dataset: outputs\latest\dataset_final.csv
2026-04-30 03:47:49,305 - root - INFO - Using config YAML: outputs\latest\config.yaml
2026-04-30 03:47:49,322 - run_manager - INFO - ✓ Saved config: outputs\runs\run_20260430_034749_default_phase1\config.yaml
2026-04-30 03:47:49,323 - root - INFO - 
======================================================================
2026-04-30 03:47:49,324 - root - INFO - PHASE 2: EXECUTION PIPELINE
2026-04-30 03:47:49,325 - root - INFO - ======================================================================
2026-04-30 03:47:49,329 - processing - INFO - ==================================================
2026-04-30 03:47:49,330 - processing - INFO - PHASE 2: EXECUTION PIPELINE
2026-04-30 03:47:49,330 - processing - INFO - ==================================================
2026-04-30 03:47:49,330 - processing - INFO - Step 1: Log Transform (add_constant=1.0)...
2026-04-30 03:47:49,332 - processing - INFO - Applied log transform to 0 columns
2026-04-30 03:47:49,333 - processing - INFO - Step 2: Handle Outliers (IQR, action=clip)...
2026-04-30 03:47:49,350 - processing - INFO - Found and clipd outliers in 1 columns
2026-04-30 03:47:49,350 - processing - INFO - Step 3: Scaling & Normalization (minmax)...
2026-04-30 03:47:49,357 - processing - INFO - Scaled 9 columns with minmax
2026-04-30 03:47:49,358 - processing - INFO - Step 4: KNN Imputation (n_neighbors=5)...
2026-04-30 03:47:49,360 - processing - INFO - No missing values to impute
2026-04-30 03:47:49,361 - processing - INFO - Processing pipeline complete!
2026-04-30 03:47:49,361 - processing - INFO - Final shape: (5586, 11)
2026-04-30 03:47:49,361 - processing - INFO - Missing values: 0
2026-04-30 03:47:49,420 - root - INFO - ✓ Saved: outputs\runs\run_20260430_034749_default_phase1\dataset_final.csv
2026-04-30 03:47:49,420 - root - INFO -   Size: 0.86 MB
2026-04-30 03:47:49,421 - processing - INFO - Scaler saved to outputs\runs\run_20260430_034749_default_phase1\scaler_model.pkl
2026-04-30 03:47:49,421 - root - INFO - ✓ Saved: outputs\runs\run_20260430_034749_default_phase1\scaler_model.pkl
2026-04-30 03:47:49,421 - root - INFO - ✓ Saved: outputs\runs\run_20260430_034749_default_phase1\processing_metadata.json
2026-04-30 03:47:49,423 - root - INFO - 
--------------------------------------------------
2026-04-30 03:47:49,423 - root - INFO - Generating transformation visualizations...
2026-04-30 03:47:49,425 - processing - INFO - Generating KDE Before/After plots...
2026-04-30 03:47:52,813 - processing - INFO - Saved: kde_before_after_transform.png
2026-04-30 03:47:52,813 - processing - INFO - Generating 100% Stacked Bar Chart for year 2024...
2026-04-30 03:47:53,140 - processing - INFO - Saved: probability_stacked_bars.png
2026-04-30 03:47:53,140 - root - INFO - --------------------------------------------------
2026-04-30 03:47:53,140 - root - INFO - ✓ PHASE 2 Complete
2026-04-30 03:47:53,140 - root - INFO -   Final shape: (5586, 11)
2026-04-30 03:47:53,140 - root - INFO -   Missing values: 0
2026-04-30 03:47:53,151 - run_manager - INFO - ✓ Saved run summary: outputs\runs\run_20260430_034749_default_phase1\run_summary.json
2026-04-30 03:47:53,162 - run_manager - INFO - ✓ Updated latest directory: outputs\latest
2026-04-30 03:47:53,162 - root - INFO - 
✓ Standalone phase1 completed successfully
2026-04-30 03:47:53,162 - root - INFO -   Run directory: outputs\runs\run_20260430_034749_default_phase1
