2026-04-30 03:04:48,323 - root - INFO - 
======================================================================
2026-04-30 03:04:48,324 - root - INFO - PHASE 0 ONLY | Scenario: default
2026-04-30 03:04:48,324 - root - INFO - ======================================================================

2026-04-30 03:04:48,324 - root - INFO - 
======================================================================
2026-04-30 03:04:48,324 - root - INFO - PHASE 0: DATA INTEGRATION
2026-04-30 03:04:48,324 - root - INFO - ======================================================================
2026-04-30 03:04:48,330 - data_integration - INFO - ==================================================
2026-04-30 03:04:48,330 - data_integration - INFO - PHASE 0: DATA INTEGRATION
2026-04-30 03:04:48,330 - data_integration - INFO - ==================================================
2026-04-30 03:04:48,330 - data_integration - INFO - Step 1: Loading CSV files from ..\nam...
2026-04-30 03:04:48,358 - data_integration - INFO - Loaded 9 feature mappings from C:\Users\Admin\Documents\GitHub\WorldBank-Data-Analysis-Project\pipeline_execution\feature_encoding_rules.json
2026-04-30 03:04:48,398 - data_integration - INFO - Loaded: Access to electricity (% of population) -> Elec_Access - Shape: (266, 21)
2026-04-30 03:04:48,430 - data_integration - INFO - Loaded: Agriculture, forestry, and fishing, value added (% of GDP) -> Agri_GDP - Shape: (266, 21)
2026-04-30 03:04:48,465 - data_integration - INFO - Loaded: Domestic credit to private sector (% of GDP) -> Credit_Private - Shape: (266, 21)
2026-04-30 03:04:48,493 - data_integration - INFO - Loaded: Employment in services (% of total employment) (modeled ILO estimate) -> Emp_Services - Shape: (266, 21)
2026-04-30 03:04:48,522 - data_integration - INFO - Loaded: Foreign direct investment, net inflows (% of GDP) -> FDI_GDP - Shape: (266, 21)
2026-04-30 03:04:48,553 - data_integration - INFO - Loaded: GDP per capita (constant 2015 US$) -> GDPC_2015 - Shape: (266, 21)
2026-04-30 03:04:48,580 - data_integration - INFO - Loaded: Individuals using the Internet (% of population) -> Internet_Usage - Shape: (266, 21)
2026-04-30 03:04:48,611 - data_integration - INFO - Loaded: Industry (including construction), value added (% of GDP) -> Indus_GDP - Shape: (266, 21)
2026-04-30 03:04:48,640 - data_integration - INFO - Loaded: Services, value added (% of GDP) -> Serv_GDP - Shape: (266, 21)
2026-04-30 03:04:48,641 - data_integration - INFO - Loaded 9 indicators
2026-04-30 03:04:48,643 - data_integration - INFO - Step 2: Standardizing structure...
2026-04-30 03:04:48,687 - data_integration - INFO - Step 3: Merging datasets...
2026-04-30 03:04:48,825 - data_integration - INFO - Merged dataset shape: (5586, 11)
2026-04-30 03:04:48,826 - data_integration - INFO - Missing values ratio: 8.76%
2026-04-30 03:04:48,827 - data_integration - INFO - Integration complete!
2026-04-30 03:04:48,829 - data_integration - INFO - Data info: {'shape': (5586, 11), 'columns': ['Country', 'Year', 'Agri_GDP', 'Credit_Private', 'Elec_Access', 'Emp_Services', 'FDI_GDP', 'GDPC_2015', 'Indus_GDP', 'Internet_Usage', 'Serv_GDP'], 'years_range': (np.int64(2004), np.int64(2024)), 'countries_count': 266, 'records_count': 5586, 'missing_percentage': np.float64(8.758910262669662), 'numeric_columns': ['Year', 'Agri_GDP', 'Credit_Private', 'Elec_Access', 'Emp_Services', 'FDI_GDP', 'GDPC_2015', 'Indus_GDP', 'Internet_Usage', 'Serv_GDP']}
2026-04-30 03:04:48,906 - root - INFO - ✓ PHASE 0 Complete: outputs\runs\run_20260430_030448_default_phase0\dataset_merged.csv
2026-04-30 03:04:48,906 - root - INFO -   Shape: (5586, 11)
2026-04-30 03:04:48,907 - root - INFO -   File size: 0.69 MB
2026-04-30 03:04:48,908 - root - INFO - 
======================================================================
2026-04-30 03:04:48,908 - root - INFO - PHASE 1: AUTO PROFILING & DIAGNOSTICS
2026-04-30 03:04:48,908 - root - INFO - ======================================================================
2026-04-30 03:04:48,908 - diagnostics - INFO - ==================================================
2026-04-30 03:04:48,908 - diagnostics - INFO - PHASE 1: AUTO PROFILING & DIAGNOSTICS
2026-04-30 03:04:48,908 - diagnostics - INFO - ==================================================
2026-04-30 03:04:48,908 - diagnostics - INFO - Step 1: Analyzing missing values...
2026-04-30 03:04:48,917 - diagnostics - INFO - Step 2: Analyzing distributions...
2026-04-30 03:04:48,954 - diagnostics - INFO - Step 3: Detecting outliers (iqr)...
2026-04-30 03:04:48,981 - diagnostics - INFO - Diagnostics complete!
2026-04-30 03:04:48,981 - diagnostics - INFO - Found 1538 outlier records
2026-04-30 03:04:49,038 - diagnostics - INFO - Full diagnostic report saved to outputs\runs\run_20260430_030448_default_phase0\diagnostic_report.csv
2026-04-30 03:04:49,038 - root - INFO - Creating visualizations...
2026-04-30 03:04:51,672 - diagnostics - INFO - Saved: missing_values_by_year.png
2026-04-30 03:04:52,871 - diagnostics - INFO - Saved: missing_values_by_feature_by_year.png
2026-04-30 03:04:53,728 - diagnostics - INFO - Saved: boxplots.png
2026-04-30 03:04:55,038 - diagnostics - INFO - Saved: histograms.png
2026-04-30 03:04:55,049 - diagnostics - INFO - Generating Heatmap...
2026-04-30 03:04:55,478 - diagnostics - INFO - Saved: correlation_heatmap.png
2026-04-30 03:04:55,496 - diagnostics - INFO - Generating Pairwise Scatter Plot...
2026-04-30 03:04:59,120 - diagnostics - INFO - Saved: pairwise_scatter.png
2026-04-30 03:04:59,143 - root - INFO - Creating draft configuration...
2026-04-30 03:04:59,143 - root - INFO -   Outlier percentage: 27.53%
2026-04-30 03:04:59,144 - root - INFO -   → Recommending higher IQR multiplier (1.8)
2026-04-30 03:04:59,144 - root - INFO -   → Found 2 highly skewed columns
2026-04-30 03:04:59,144 - root - INFO -   → Recommending LOG TRANSFORM
2026-04-30 03:04:59,145 - root - INFO - ✓ PHASE 1 Complete
2026-04-30 03:04:59,145 - root - INFO -   Reports: diagnostic_report.csv (CSV only - optimized)
2026-04-30 03:04:59,145 - root - INFO -   Visualizations: boxplots.png, histograms.png
2026-04-30 03:04:59,150 - run_manager - INFO - ✓ Saved config: outputs\runs\run_20260430_030448_default_phase0\draft_config.yaml
2026-04-30 03:04:59,152 - run_manager - INFO - ✓ Saved config: outputs\runs\run_20260430_030448_default_phase0\config.yaml
2026-04-30 03:04:59,160 - run_manager - INFO - ✓ Saved run summary: outputs\runs\run_20260430_030448_default_phase0\run_summary.json
2026-04-30 03:04:59,185 - run_manager - INFO - ✓ Updated latest directory: outputs\latest
2026-04-30 03:04:59,187 - root - INFO - 
✓ Standalone phase0 completed successfully
2026-04-30 03:04:59,188 - root - INFO -   Run directory: outputs\runs\run_20260430_030448_default_phase0
2026-04-30 03:04:59,188 - root - INFO -   Generated YAML: draft_config.yaml (and config.yaml copy)
