2026-04-30 03:55:49,155 - root - INFO - 
======================================================================
2026-04-30 03:55:49,155 - root - INFO - PHASE 1 ONLY | Scenario: default
2026-04-30 03:55:49,155 - root - INFO - ======================================================================

2026-04-30 03:55:49,159 - root - INFO - Using merged dataset: outputs\latest\dataset_final.csv
2026-04-30 03:55:49,160 - root - INFO - Using config YAML: outputs\latest\config.yaml
2026-04-30 03:55:49,205 - run_manager - INFO - ✓ Saved config: outputs\runs\run_20260430_035549_default_phase1\config.yaml
2026-04-30 03:55:49,205 - root - INFO - 
======================================================================
2026-04-30 03:55:49,205 - root - INFO - PHASE 2: EXECUTION PIPELINE
2026-04-30 03:55:49,206 - root - INFO - ======================================================================
2026-04-30 03:55:49,207 - processing - INFO - ==================================================
2026-04-30 03:55:49,209 - processing - INFO - PHASE 2: EXECUTION PIPELINE
2026-04-30 03:55:49,209 - processing - INFO - ==================================================
2026-04-30 03:55:49,210 - processing - INFO - Step 1: Log Transform (add_constant=1.0)...
2026-04-30 03:55:49,213 - processing - INFO - Applied log transform to 0 columns
2026-04-30 03:55:49,213 - processing - INFO - Step 2: Handle Outliers (IQR, action=clip)...
2026-04-30 03:55:49,227 - processing - INFO - Found and clipd outliers in 1 columns
2026-04-30 03:55:49,229 - processing - INFO - Step 3: Scaling & Normalization (minmax)...
2026-04-30 03:55:49,231 - processing - INFO - Scaled 9 columns with minmax
2026-04-30 03:55:49,231 - processing - INFO - Step 4: KNN Imputation (n_neighbors=5)...
2026-04-30 03:55:49,236 - processing - INFO - No missing values to impute
2026-04-30 03:55:49,237 - processing - INFO - Processing pipeline complete!
2026-04-30 03:55:49,237 - processing - INFO - Final shape: (5586, 11)
2026-04-30 03:55:49,240 - processing - INFO - Missing values: 0
2026-04-30 03:55:49,291 - root - INFO - ✓ Saved: outputs\runs\run_20260430_035549_default_phase1\dataset_final.csv
2026-04-30 03:55:49,291 - root - INFO -   Size: 0.86 MB
2026-04-30 03:55:49,291 - processing - INFO - Scaler saved to outputs\runs\run_20260430_035549_default_phase1\scaler_model.pkl
2026-04-30 03:55:49,291 - root - INFO - ✓ Saved: outputs\runs\run_20260430_035549_default_phase1\scaler_model.pkl
2026-04-30 03:55:49,291 - root - INFO - ✓ Saved: outputs\runs\run_20260430_035549_default_phase1\processing_metadata.json
2026-04-30 03:55:49,291 - root - INFO - 
--------------------------------------------------
2026-04-30 03:55:49,291 - root - INFO - Generating transformation visualizations...
2026-04-30 03:55:49,291 - root - WARNING - Could not find dataset_merged.csv on disk, using RAM copy.
2026-04-30 03:55:49,291 - processing - INFO - Generating KDE Before/After plots...
2026-04-30 03:55:52,988 - processing - INFO - Saved: kde_before_after_transform.png
2026-04-30 03:55:52,989 - processing - INFO - Generating 100% Stacked Bar Chart for year 2024...
2026-04-30 03:55:53,372 - processing - INFO - Saved: probability_stacked_bars.png
2026-04-30 03:55:53,372 - root - INFO - --------------------------------------------------
2026-04-30 03:55:53,372 - root - INFO - ✓ PHASE 2 Complete
2026-04-30 03:55:53,372 - root - INFO -   Final shape: (5586, 11)
2026-04-30 03:55:53,372 - root - INFO -   Missing values: 0
2026-04-30 03:55:53,372 - run_manager - INFO - ✓ Saved run summary: outputs\runs\run_20260430_035549_default_phase1\run_summary.json
2026-04-30 03:55:53,391 - run_manager - INFO - ✓ Updated latest directory: outputs\latest
2026-04-30 03:55:53,391 - root - INFO - 
✓ Standalone phase1 completed successfully
2026-04-30 03:55:53,391 - root - INFO -   Run directory: outputs\runs\run_20260430_035549_default_phase1
