2026-04-23 20:36:10,611 - root - INFO - 
======================================================================
2026-04-23 20:36:10,611 - root - INFO - PHASE 1 ONLY | Scenario: default
2026-04-23 20:36:10,611 - root - INFO - ======================================================================

2026-04-23 20:36:10,611 - root - INFO - Using merged dataset: outputs\latest\dataset_merged.csv
2026-04-23 20:36:10,611 - root - INFO - Using config YAML: outputs\latest\config.yaml
2026-04-23 20:36:10,661 - run_manager - INFO - ✓ Saved config: outputs\runs\run_20260423_203610_default_phase1\config.yaml
2026-04-23 20:36:10,661 - root - INFO - 
======================================================================
2026-04-23 20:36:10,661 - root - INFO - PHASE 2: EXECUTION PIPELINE
2026-04-23 20:36:10,661 - root - INFO - ======================================================================
2026-04-23 20:36:10,668 - processing - INFO - ==================================================
2026-04-23 20:36:10,669 - processing - INFO - PHASE 2: EXECUTION PIPELINE
2026-04-23 20:36:10,669 - processing - INFO - ==================================================
2026-04-23 20:36:10,670 - processing - INFO - Step 1: Log Transform (add_constant=1.0)...
2026-04-23 20:36:10,674 - processing - INFO - Applied log transform to 7 columns
2026-04-23 20:36:10,674 - processing - INFO - Step 2: Handle Outliers (IQR, action=clip)...
2026-04-23 20:36:10,692 - processing - INFO - Found and clipd outliers in 6 columns
2026-04-23 20:36:10,693 - processing - INFO - Step 3: Scaling & Normalization (standard)...
2026-04-23 20:36:10,699 - processing - INFO - Scaled 9 columns with standard
2026-04-23 20:36:10,699 - processing - INFO - Step 4: KNN Imputation (n_neighbors=5)...
2026-04-23 20:36:11,958 - processing - INFO - Imputed missing values: 5022 -> 0
2026-04-23 20:36:11,959 - processing - INFO - Processing pipeline complete!
2026-04-23 20:36:11,961 - processing - INFO - Final shape: (5546, 11)
2026-04-23 20:36:11,961 - processing - INFO - Missing values: 0
2026-04-23 20:36:12,098 - root - INFO - ✓ Saved: outputs\runs\run_20260423_203610_default_phase1\dataset_final.csv
2026-04-23 20:36:12,098 - root - INFO -   Size: 0.98 MB
2026-04-23 20:36:12,116 - processing - INFO - Scaler saved to outputs\runs\run_20260423_203610_default_phase1\scaler_model.pkl
2026-04-23 20:36:12,117 - root - INFO - ✓ Saved: outputs\runs\run_20260423_203610_default_phase1\scaler_model.pkl
2026-04-23 20:36:12,117 - root - INFO - ✓ Saved: outputs\runs\run_20260423_203610_default_phase1\processing_metadata.json
2026-04-23 20:36:12,117 - root - INFO - 
--------------------------------------------------
2026-04-23 20:36:12,117 - root - INFO - Generating transformation visualizations...
2026-04-23 20:36:12,117 - root - ERROR - ❌ Failed to generate transformation visualizations: name '_plot_kde_before_after' is not defined
Traceback (most recent call last):
  File "C:\Users\Admin\Documents\GitHub\WorldBank-Data-Analysis-Project\pipeline_execution\run_pipeline.py", line 208, in run_phase_2
    _plot_kde_before_after(
    ^^^^^^^^^^^^^^^^^^^^^^
NameError: name '_plot_kde_before_after' is not defined
2026-04-23 20:36:12,127 - root - INFO - --------------------------------------------------
2026-04-23 20:36:12,128 - root - INFO - ✓ PHASE 2 Complete
2026-04-23 20:36:12,128 - root - INFO -   Final shape: (5546, 11)
2026-04-23 20:36:12,128 - root - INFO -   Missing values: 0
2026-04-23 20:36:12,134 - run_manager - INFO - ✓ Saved run summary: outputs\runs\run_20260423_203610_default_phase1\run_summary.json
2026-04-23 20:36:12,152 - run_manager - INFO - ✓ Updated latest directory: outputs\latest
2026-04-23 20:36:12,152 - root - INFO - 
✓ Standalone phase1 completed successfully
2026-04-23 20:36:12,152 - root - INFO -   Run directory: outputs\runs\run_20260423_203610_default_phase1
