2026-05-01 12:20:48,132 - root - INFO - 
======================================================================
2026-05-01 12:20:48,132 - root - INFO - WORLDBANK DATA PROCESSING PIPELINE
2026-05-01 12:20:48,133 - root - INFO - Scenario: default
2026-05-01 12:20:48,133 - root - INFO - ======================================================================

2026-05-01 12:20:48,133 - root - INFO - 📁 Run Directory: outputs\runs\run_20260501_122048_default
2026-05-01 12:20:48,133 - root - INFO - 📝 Logs Directory: outputs\runs\run_20260501_122048_default\logs
2026-05-01 12:20:48,134 - root - INFO - 
======================================================================
2026-05-01 12:20:48,134 - root - INFO - PHASE 0: DATA INTEGRATION
2026-05-01 12:20:48,135 - root - INFO - ======================================================================
2026-05-01 12:20:48,136 - data_integration - INFO - ==================================================
2026-05-01 12:20:48,136 - data_integration - INFO - PHASE 0: DATA INTEGRATION
2026-05-01 12:20:48,136 - data_integration - INFO - ==================================================
2026-05-01 12:20:48,136 - data_integration - INFO - Step 1: Loading CSV files from ..\nam...
2026-05-01 12:20:48,137 - data_integration - INFO - Loaded 9 feature mappings from C:\Users\Admin\Documents\GitHub\WorldBank-Data-Analysis-Project\pipeline_execution\feature_encoding_rules.json
2026-05-01 12:20:48,141 - data_integration - INFO - Loaded: Access to electricity (% of population) -> Elec_Access - Shape: (266, 21)
2026-05-01 12:20:48,145 - data_integration - INFO - Loaded: Agriculture, forestry, and fishing, value added (% of GDP) -> Agri_GDP - Shape: (266, 21)
2026-05-01 12:20:48,147 - data_integration - INFO - Loaded: Domestic credit to private sector (% of GDP) -> Credit_Private - Shape: (266, 21)
2026-05-01 12:20:48,150 - data_integration - INFO - Loaded: Employment in services (% of total employment) (modeled ILO estimate) -> Emp_Services - Shape: (266, 21)
2026-05-01 12:20:48,153 - data_integration - INFO - Loaded: Foreign direct investment, net inflows (% of GDP) -> FDI_GDP - Shape: (266, 21)
2026-05-01 12:20:48,157 - data_integration - INFO - Loaded: GDP per capita (constant 2015 US$) -> GDPC_2015 - Shape: (266, 21)
2026-05-01 12:20:48,159 - data_integration - INFO - Loaded: Individuals using the Internet (% of population) -> Internet_Usage - Shape: (266, 21)
2026-05-01 12:20:48,162 - data_integration - INFO - Loaded: Industry (including construction), value added (% of GDP) -> Indus_GDP - Shape: (266, 21)
2026-05-01 12:20:48,165 - data_integration - INFO - Loaded: Services, value added (% of GDP) -> Serv_GDP - Shape: (266, 21)
2026-05-01 12:20:48,166 - data_integration - INFO - Loaded 9 indicators
2026-05-01 12:20:48,167 - data_integration - INFO - Step 2: Standardizing structure...
2026-05-01 12:20:48,190 - data_integration - INFO - Step 3: Merging datasets...
2026-05-01 12:20:48,290 - data_integration - INFO - Merged dataset shape: (5586, 11)
2026-05-01 12:20:48,291 - data_integration - INFO - Missing values ratio: 8.76%
2026-05-01 12:20:48,293 - data_integration - INFO - Integration complete!
2026-05-01 12:20:48,295 - data_integration - INFO - Data info: {'shape': (5586, 11), 'columns': ['Country', 'Year', 'Agri_GDP', 'Credit_Private', 'Elec_Access', 'Emp_Services', 'FDI_GDP', 'GDPC_2015', 'Indus_GDP', 'Internet_Usage', 'Serv_GDP'], 'years_range': (np.int64(2004), np.int64(2024)), 'countries_count': 266, 'records_count': 5586, 'missing_percentage': np.float64(8.758910262669662), 'numeric_columns': ['Year', 'Agri_GDP', 'Credit_Private', 'Elec_Access', 'Emp_Services', 'FDI_GDP', 'GDPC_2015', 'Indus_GDP', 'Internet_Usage', 'Serv_GDP']}
2026-05-01 12:20:48,348 - root - INFO - ✓ PHASE 0 Complete: outputs\runs\run_20260501_122048_default\dataset_merged.csv
2026-05-01 12:20:48,349 - root - INFO -   Shape: (5586, 11)
2026-05-01 12:20:48,349 - root - INFO -   File size: 0.69 MB
2026-05-01 12:20:48,349 - root - INFO - 
======================================================================
2026-05-01 12:20:48,350 - root - INFO - PHASE 1: AUTO PROFILING & DIAGNOSTICS
2026-05-01 12:20:48,350 - root - INFO - ======================================================================
2026-05-01 12:20:48,352 - diagnostics - INFO - ==================================================
2026-05-01 12:20:48,352 - diagnostics - INFO - PHASE 1: AUTO PROFILING & DIAGNOSTICS
2026-05-01 12:20:48,352 - diagnostics - INFO - ==================================================
2026-05-01 12:20:48,353 - diagnostics - INFO - Step 1: Analyzing missing values...
2026-05-01 12:20:48,355 - diagnostics - INFO - Step 2: Analyzing distributions...
2026-05-01 12:20:48,375 - diagnostics - INFO - Step 3: Detecting outliers (iqr)...
2026-05-01 12:20:48,397 - diagnostics - INFO - Diagnostics complete!
2026-05-01 12:20:48,398 - diagnostics - INFO - Found 1538 outlier records
2026-05-01 12:20:48,405 - diagnostics - INFO - Full diagnostic report saved to outputs\runs\run_20260501_122048_default\diagnostic_report.csv
2026-05-01 12:20:48,405 - root - INFO - Creating visualizations...
2026-05-01 12:20:48,806 - diagnostics - INFO - Saved: missing_values_by_year.png
2026-05-01 12:20:50,108 - diagnostics - INFO - Saved: missing_values_by_feature_by_year.png
2026-05-01 12:20:50,878 - diagnostics - INFO - Saved: boxplots.png
2026-05-01 12:20:52,013 - diagnostics - INFO - Saved: histograms.png
2026-05-01 12:20:52,028 - diagnostics - INFO - Generating Heatmap...
2026-05-01 12:20:52,456 - diagnostics - INFO - Saved: correlation_heatmap.png
2026-05-01 12:20:52,466 - diagnostics - INFO - Generating Pairwise Scatter Plot...
2026-05-01 12:20:55,681 - diagnostics - INFO - Saved: pairwise_scatter.png
2026-05-01 12:20:55,692 - root - INFO - Creating draft configuration...
2026-05-01 12:20:55,692 - root - INFO -   Outlier percentage: 27.53%
2026-05-01 12:20:55,692 - root - INFO -   → Recommending higher IQR multiplier (1.8)
2026-05-01 12:20:55,692 - root - INFO -   → Found 2 highly skewed columns
2026-05-01 12:20:55,692 - root - INFO -   → Recommending LOG TRANSFORM
2026-05-01 12:20:55,693 - root - INFO - ✓ PHASE 1 Complete
2026-05-01 12:20:55,693 - root - INFO -   Reports: diagnostic_report.csv (CSV only - optimized)
2026-05-01 12:20:55,693 - root - INFO -   Visualizations: boxplots.png, histograms.png
2026-05-01 12:20:55,696 - run_manager - INFO - ✓ Saved config: outputs\runs\run_20260501_122048_default\config.yaml
2026-05-01 12:20:55,697 - root - INFO - 
======================================================================
2026-05-01 12:20:55,697 - root - INFO - PHASE 2: EXECUTION PIPELINE
2026-05-01 12:20:55,697 - root - INFO - ======================================================================
2026-05-01 12:20:55,698 - processing - INFO - ==================================================
2026-05-01 12:20:55,699 - processing - INFO - PHASE 2: EXECUTION PIPELINE
2026-05-01 12:20:55,699 - processing - INFO - ==================================================
2026-05-01 12:20:55,700 - processing - INFO - Step 1: Log Transform (add_constant=1.0)...
2026-05-01 12:20:55,704 - processing - INFO - Applied log transform to 7 columns
2026-05-01 12:20:55,704 - processing - INFO - Step 2: Handle Outliers (IQR, action=clip)...
2026-05-01 12:20:55,719 - processing - INFO - Found and clipd outliers in 6 columns
2026-05-01 12:20:55,720 - processing - INFO - Step 3: Scaling & Normalization (minmax)...
2026-05-01 12:20:55,724 - processing - INFO - Scaled 9 columns with minmax
2026-05-01 12:20:55,724 - processing - INFO - Step 4: KNN Imputation (n_neighbors=5)...
2026-05-01 12:20:57,182 - processing - INFO - Imputed missing values: 5382 -> 0
2026-05-01 12:20:57,182 - processing - INFO - Processing pipeline complete!
2026-05-01 12:20:57,182 - processing - INFO - Final shape: (5586, 11)
2026-05-01 12:20:57,183 - processing - INFO - Missing values: 0
2026-05-01 12:20:57,245 - root - INFO - ✓ Saved: outputs\runs\run_20260501_122048_default\dataset_final.csv
2026-05-01 12:20:57,246 - root - INFO -   Size: 0.88 MB
2026-05-01 12:20:57,250 - processing - INFO - Scaler saved to outputs\runs\run_20260501_122048_default\scaler_model.pkl
2026-05-01 12:20:57,251 - root - INFO - ✓ Saved: outputs\runs\run_20260501_122048_default\scaler_model.pkl
2026-05-01 12:20:57,253 - root - INFO - ✓ Saved: outputs\runs\run_20260501_122048_default\processing_metadata.json
2026-05-01 12:20:57,254 - root - INFO - 
--------------------------------------------------
2026-05-01 12:20:57,255 - root - INFO - Generating transformation visualizations...
2026-05-01 12:20:57,288 - root - INFO - Successfully reloaded absolute raw data from disk for visualization.
2026-05-01 12:20:57,324 - root - INFO - Successfully reloaded transformed data from disk for visualization.
2026-05-01 12:20:57,340 - processing - INFO - Generating KDE Before/After plots...
2026-05-01 12:21:00,553 - processing - INFO - Saved: kde_before_after_transform.png
2026-05-01 12:21:00,554 - processing - INFO - Generating 100% Stacked Bar Chart for year 2024...
2026-05-01 12:21:01,002 - processing - INFO - Saved: probability_stacked_bars.png
2026-05-01 12:21:01,002 - root - INFO - --------------------------------------------------
2026-05-01 12:21:01,002 - root - INFO - ✓ PHASE 2 Complete
2026-05-01 12:21:01,002 - root - INFO -   Final shape: (5586, 11)
2026-05-01 12:21:01,004 - root - INFO -   Missing values: 0
2026-05-01 12:21:01,009 - run_manager - INFO - ✓ Saved run summary: outputs\runs\run_20260501_122048_default\run_summary.json
2026-05-01 12:21:01,047 - run_manager - INFO - ✓ Updated latest directory: outputs\latest
2026-05-01 12:21:01,048 - root - INFO - 
======================================================================
2026-05-01 12:21:01,048 - root - INFO - 🎉 PIPELINE EXECUTION COMPLETE
2026-05-01 12:21:01,048 - root - INFO - ======================================================================
2026-05-01 12:21:01,048 - root - INFO - 
📂 Run Directory: outputs\runs\run_20260501_122048_default
2026-05-01 12:21:01,048 - root - INFO - 
📋 Generated Files:
2026-05-01 12:21:01,050 - root - INFO -   ✓ boxplots.png                            76.51 KB
2026-05-01 12:21:01,050 - root - INFO -   ✓ config.yaml                                612 B
2026-05-01 12:21:01,050 - root - INFO -   ✓ correlation_heatmap.png                 97.50 KB
2026-05-01 12:21:01,051 - root - INFO -   ✓ dataset_final.csv                      898.56 KB
2026-05-01 12:21:01,051 - root - INFO -   ✓ dataset_merged.csv                     705.33 KB
2026-05-01 12:21:01,051 - root - INFO -   ✓ diagnostic_report.csv                    1.29 KB
2026-05-01 12:21:01,051 - root - INFO -   ✓ histograms.png                          91.95 KB
2026-05-01 12:21:01,051 - root - INFO -   ✓ kde_before_after_transform.png         550.07 KB
2026-05-01 12:21:01,051 - root - INFO -   ✓ missing_values_by_feature_by_year.png    250.61 KB
2026-05-01 12:21:01,051 - root - INFO -   ✓ missing_values_by_year.png              37.53 KB
2026-05-01 12:21:01,051 - root - INFO -   ✓ pairwise_scatter.png                     1.03 MB
2026-05-01 12:21:01,051 - root - INFO -   ✓ probability_stacked_bars.png            48.86 KB
2026-05-01 12:21:01,053 - root - INFO -   ✓ processing_metadata.json                 1.24 KB
2026-05-01 12:21:01,053 - root - INFO -   ✓ run_summary.json                           846 B
2026-05-01 12:21:01,053 - root - INFO -   ✓ scaler_model.pkl                         1.02 KB
2026-05-01 12:21:01,053 - root - INFO - 
📝 Logs Files:
2026-05-01 12:21:01,054 - root - INFO -   ✓ data_integration.log                     2.83 KB
2026-05-01 12:21:01,054 - root - INFO -   ✓ diagnostics.log                          1.41 KB
2026-05-01 12:21:01,054 - root - INFO -   ✓ pipeline.log                            11.70 KB
2026-05-01 12:21:01,055 - root - INFO -   ✓ processing.log                           1.60 KB
2026-05-01 12:21:01,055 - root - INFO - 
======================================================================
2026-05-01 12:21:01,055 - root - INFO - 📁 Latest run: outputs\latest
2026-05-01 12:21:01,055 - root - INFO - 📊 Use outputs/latest/dataset_final.csv for ML models!
2026-05-01 12:21:01,056 - root - INFO - ======================================================================
2026-05-01 12:21:01,056 - root - INFO - 
📚 ALL RUNS:

2026-05-01 12:21:01,059 - root - INFO -   1. DEFAULT              | 20260501_122048 | 3.74 MB
2026-05-01 12:21:01,062 - root - INFO -   2. DEFAULT_PHASE0       | 20260501_121959 | 2.27 MB
2026-05-01 12:21:01,064 - root - INFO -   3. DEFAULT_PHASE1       | 20260501_121748 | 0.0 MB
2026-05-01 12:21:01,065 - root - INFO -   4. DEFAULT_PHASE1       | 20260501_121736 | 0.0 MB
2026-05-01 12:21:01,066 - root - INFO -   5. DEFAULT_PHASE1       | 20260501_121327 | 0.0 MB
2026-05-01 12:21:01,066 - root - INFO -   ... and 5 more runs
