2026-04-30 03:05:33,088 - root - INFO - 
======================================================================
2026-04-30 03:05:33,088 - root - INFO - PHASE 1 ONLY | Scenario: default
2026-04-30 03:05:33,088 - root - INFO - ======================================================================

2026-04-30 03:05:33,088 - root - INFO - Using merged dataset: outputs\latest\dataset_merged.csv
2026-04-30 03:05:33,088 - root - INFO - Using config YAML: outputs\latest\config.yaml
2026-04-30 03:05:33,136 - run_manager - INFO - ✓ Saved config: outputs\runs\run_20260430_030533_default_phase1\config.yaml
2026-04-30 03:05:33,136 - root - INFO - 
======================================================================
2026-04-30 03:05:33,138 - root - INFO - PHASE 2: EXECUTION PIPELINE
2026-04-30 03:05:33,138 - root - INFO - ======================================================================
2026-04-30 03:05:33,138 - processing - INFO - ==================================================
2026-04-30 03:05:33,138 - processing - INFO - PHASE 2: EXECUTION PIPELINE
2026-04-30 03:05:33,138 - processing - INFO - ==================================================
2026-04-30 03:05:33,138 - processing - INFO - Step 1: Log Transform (add_constant=1.0)...
2026-04-30 03:05:33,152 - processing - INFO - Applied log transform to 7 columns
2026-04-30 03:05:33,153 - processing - INFO - Step 2: Handle Outliers (IQR, action=clip)...
2026-04-30 03:05:33,178 - processing - INFO - Found and clipd outliers in 6 columns
2026-04-30 03:05:33,178 - processing - INFO - Step 3: Scaling & Normalization (minmax)...
2026-04-30 03:05:33,178 - processing - INFO - Scaled 9 columns with minmax
2026-04-30 03:05:33,178 - processing - INFO - Step 4: KNN Imputation (n_neighbors=5)...
2026-04-30 03:05:34,457 - processing - INFO - Imputed missing values: 5382 -> 0
2026-04-30 03:05:34,458 - processing - INFO - Processing pipeline complete!
2026-04-30 03:05:34,458 - processing - INFO - Final shape: (5586, 11)
2026-04-30 03:05:34,458 - processing - INFO - Missing values: 0
2026-04-30 03:05:34,509 - root - INFO - ✓ Saved: outputs\runs\run_20260430_030533_default_phase1\dataset_final.csv
2026-04-30 03:05:34,509 - root - INFO -   Size: 0.88 MB
2026-04-30 03:05:34,509 - processing - INFO - Scaler saved to outputs\runs\run_20260430_030533_default_phase1\scaler_model.pkl
2026-04-30 03:05:34,509 - root - INFO - ✓ Saved: outputs\runs\run_20260430_030533_default_phase1\scaler_model.pkl
2026-04-30 03:05:34,509 - root - INFO - ✓ Saved: outputs\runs\run_20260430_030533_default_phase1\processing_metadata.json
2026-04-30 03:05:34,509 - root - INFO - 
--------------------------------------------------
2026-04-30 03:05:34,509 - root - INFO - Generating transformation visualizations...
2026-04-30 03:05:34,509 - root - ERROR - ❌ Failed to generate transformation visualizations: TransformationVisualizer.__init__() got an unexpected keyword argument 'logger'
Traceback (most recent call last):
  File "C:\Users\Admin\Documents\GitHub\WorldBank-Data-Analysis-Project\pipeline_execution\run_pipeline.py", line 208, in run_phase_2
    viz = TransformationVisualizer(
          ^^^^^^^^^^^^^^^^^^^^^^^^^
TypeError: TransformationVisualizer.__init__() got an unexpected keyword argument 'logger'
2026-04-30 03:05:34,517 - root - INFO - --------------------------------------------------
2026-04-30 03:05:34,517 - root - INFO - ✓ PHASE 2 Complete
2026-04-30 03:05:34,517 - root - INFO -   Final shape: (5586, 11)
2026-04-30 03:05:34,518 - root - INFO -   Missing values: 0
2026-04-30 03:05:34,521 - run_manager - INFO - ✓ Saved run summary: outputs\runs\run_20260430_030533_default_phase1\run_summary.json
2026-04-30 03:05:34,529 - run_manager - INFO - ✓ Updated latest directory: outputs\latest
2026-04-30 03:05:34,534 - root - INFO - 
✓ Standalone phase1 completed successfully
2026-04-30 03:05:34,534 - root - INFO -   Run directory: outputs\runs\run_20260430_030533_default_phase1
