2026-04-23 20:01:19,627 - root - INFO - 
======================================================================
2026-04-23 20:01:19,627 - root - INFO - PHASE 0 ONLY | Scenario: default
2026-04-23 20:01:19,627 - root - INFO - ======================================================================

2026-04-23 20:01:19,630 - root - INFO - 
======================================================================
2026-04-23 20:01:19,630 - root - INFO - PHASE 0: DATA INTEGRATION
2026-04-23 20:01:19,630 - root - INFO - ======================================================================
2026-04-23 20:01:19,632 - data_integration - INFO - ==================================================
2026-04-23 20:01:19,632 - data_integration - INFO - PHASE 0: DATA INTEGRATION
2026-04-23 20:01:19,632 - data_integration - INFO - ==================================================
2026-04-23 20:01:19,632 - data_integration - INFO - Step 1: Loading CSV files from ..\nam...
2026-04-23 20:01:19,637 - data_integration - INFO - Loaded 9 feature mappings from C:\Users\Admin\Documents\GitHub\WorldBank-Data-Analysis-Project\pipeline_execution\feature_encoding_rules.json
2026-04-23 20:01:19,703 - data_integration - INFO - Loaded: Access to electricity (% of population) -> Elec_Access - Shape: (266, 21)
2026-04-23 20:01:19,735 - data_integration - INFO - Loaded: Agriculture, forestry, and fishing, value added (% of GDP) -> Agri_GDP - Shape: (266, 21)
2026-04-23 20:01:19,767 - data_integration - INFO - Loaded: Domestic credit to private sector (% of GDP) -> Credit_Private - Shape: (266, 21)
2026-04-23 20:01:19,792 - data_integration - INFO - Loaded: Employment in services (% of total employment) (modeled ILO estimate) -> Emp_Services - Shape: (266, 21)
2026-04-23 20:01:19,818 - data_integration - INFO - Loaded: Foreign direct investment, net inflows (% of GDP) -> FDI_GDP - Shape: (266, 21)
2026-04-23 20:01:19,842 - data_integration - INFO - Loaded: GDP per capita (constant 2015 US$) -> GDPC_2015 - Shape: (266, 21)
2026-04-23 20:01:19,873 - data_integration - INFO - Loaded: Individuals using the Internet (% of population) -> Internet_Usage - Shape: (266, 21)
2026-04-23 20:01:19,911 - data_integration - INFO - Loaded: Industry (including construction), value added (% of GDP) -> Indus_GDP - Shape: (266, 21)
2026-04-23 20:01:19,935 - data_integration - INFO - Loaded: Services, value added (% of GDP) -> Serv_GDP - Shape: (266, 21)
2026-04-23 20:01:19,936 - data_integration - INFO - Loaded 9 indicators
2026-04-23 20:01:19,937 - data_integration - INFO - Step 2: Standardizing structure...
2026-04-23 20:01:19,973 - data_integration - INFO - Step 3: Merging datasets...
2026-04-23 20:01:20,152 - data_integration - INFO - Merged dataset shape: (5546, 11)
2026-04-23 20:01:20,152 - data_integration - INFO - Missing values ratio: 8.23%
2026-04-23 20:01:20,161 - data_integration - INFO - Integration complete!
2026-04-23 20:01:20,164 - data_integration - INFO - Data info: {'shape': (5546, 11), 'columns': ['Country', 'Year', 'Agri_GDP', 'Credit_Private', 'Elec_Access', 'Emp_Services', 'FDI_GDP', 'GDPC_2015', 'Indus_GDP', 'Internet_Usage', 'Serv_GDP'], 'years_range': (np.int64(2004), np.int64(2024)), 'countries_count': 265, 'records_count': 5546, 'missing_percentage': np.float64(8.231977182572207), 'numeric_columns': ['Year', 'Agri_GDP', 'Credit_Private', 'Elec_Access', 'Emp_Services', 'FDI_GDP', 'GDPC_2015', 'Indus_GDP', 'Internet_Usage', 'Serv_GDP']}
2026-04-23 20:01:20,252 - root - INFO - ✓ PHASE 0 Complete: outputs\runs\run_20260423_200119_default_phase0\dataset_merged.csv
2026-04-23 20:01:20,252 - root - INFO -   Shape: (5546, 11)
2026-04-23 20:01:20,252 - root - INFO -   File size: 0.69 MB
2026-04-23 20:01:20,252 - root - INFO - 
======================================================================
2026-04-23 20:01:20,252 - root - INFO - PHASE 1: AUTO PROFILING & DIAGNOSTICS
2026-04-23 20:01:20,252 - root - INFO - ======================================================================
2026-04-23 20:01:20,262 - diagnostics - INFO - ==================================================
2026-04-23 20:01:20,262 - diagnostics - INFO - PHASE 1: AUTO PROFILING & DIAGNOSTICS
2026-04-23 20:01:20,262 - diagnostics - INFO - ==================================================
2026-04-23 20:01:20,262 - diagnostics - INFO - Step 1: Analyzing missing values...
2026-04-23 20:01:20,268 - diagnostics - INFO - Step 2: Analyzing distributions...
2026-04-23 20:01:20,292 - diagnostics - INFO - Step 3: Detecting outliers (iqr)...
2026-04-23 20:01:20,324 - diagnostics - INFO - Diagnostics complete!
2026-04-23 20:01:20,324 - diagnostics - INFO - Found 1538 outlier records
2026-04-23 20:01:20,374 - diagnostics - INFO - Full diagnostic report saved to outputs\runs\run_20260423_200119_default_phase0\diagnostic_report.csv
2026-04-23 20:01:20,374 - root - INFO - Creating visualizations...
2026-04-23 20:01:22,762 - diagnostics - INFO - Saved: missing_values_by_year.png
2026-04-23 20:01:24,032 - diagnostics - INFO - Saved: missing_values_by_feature_by_year.png
2026-04-23 20:01:24,884 - diagnostics - INFO - Saved: boxplots.png
2026-04-23 20:01:26,267 - diagnostics - INFO - Saved: histograms.png
2026-04-23 20:01:26,274 - __main__ - ERROR - 
❌ ERROR (phase0): 'DataDiagnostics' object has no attribute 'plot_correlation_heatmap'
Traceback (most recent call last):
  File "C:\Users\Admin\Documents\GitHub\WorldBank-Data-Analysis-Project\pipeline_execution\run_pipeline.py", line 393, in run_phase_0_standalone
    draft_config = run_phase_1(merged_df, run_dir, logger, logger_setup)
                   ^^^^^^^^^^^^^^^^^^^^^^^^^^^^^^^^^^^^^^^^^^^^^^^^^^^^^
  File "C:\Users\Admin\Documents\GitHub\WorldBank-Data-Analysis-Project\pipeline_execution\run_pipeline.py", line 104, in run_phase_1
    diagnostics.create_visualizations(
  File "C:\Users\Admin\Documents\GitHub\WorldBank-Data-Analysis-Project\pipeline_execution\modules\diagnostics.py", line 329, in create_visualizations
    self.plot_correlation_heatmap(output_folder)
    ^^^^^^^^^^^^^^^^^^^^^^^^^^^^^
AttributeError: 'DataDiagnostics' object has no attribute 'plot_correlation_heatmap'
